2025-12-15 23:45:08.602 [main] INFO  com.hengyu.lab.LabStartApplication [N/A] - Starting LabStartApplication using Java 21.0.2 with PID 12380 (D:\java\lab-platform\lab-start\target\classes started by Administrator in D:\java\lab-platform)
2025-12-15 23:45:08.603 [main] INFO  com.hengyu.lab.LabStartApplication [N/A] - The following 1 profile is active: "local"
2025-12-15 23:45:09.465 [main] INFO  o.s.boot.web.embedded.tomcat.TomcatWebServer [N/A] - Tomcat initialized with port 8081 (http)
2025-12-15 23:45:09.476 [main] INFO  org.apache.coyote.http11.Http11NioProtocol [N/A] - Initializing ProtocolHandler ["http-nio-8081"]
2025-12-15 23:45:09.477 [main] INFO  org.apache.catalina.core.StandardService [N/A] - Starting service [Tomcat]
2025-12-15 23:45:09.478 [main] INFO  org.apache.catalina.core.StandardEngine [N/A] - Starting Servlet engine: [Apache Tomcat/10.1.24]
2025-12-15 23:45:09.514 [main] INFO  o.a.c.core.ContainerBase.[Tomcat].[localhost].[/] [N/A] - Initializing Spring embedded WebApplicationContext
2025-12-15 23:45:09.514 [main] INFO  o.s.b.w.s.c.ServletWebServerApplicationContext [N/A] - Root WebApplicationContext: initialization completed in 884 ms
2025-12-15 23:45:09.719 [main] INFO  com.zaxxer.hikari.HikariDataSource [N/A] - HikariPool-1 - Starting...
2025-12-15 23:45:09.869 [main] INFO  com.zaxxer.hikari.pool.HikariPool [N/A] - HikariPool-1 - Added connection com.mysql.cj.jdbc.ConnectionImpl@11d2714a
2025-12-15 23:45:09.871 [main] INFO  com.zaxxer.hikari.HikariDataSource [N/A] - HikariPool-1 - Start completed.
2025-12-15 23:45:09.921 [main] INFO  org.flywaydb.core.FlywayExecutor [N/A] - Database: jdbc:mysql://10.33.9.41:3306/lab_platform_local (MySQL 8.0)
2025-12-15 23:45:10.013 [main] INFO  org.flywaydb.core.internal.command.DbValidate [N/A] - Successfully validated 1 migration (execution time 00:00.047s)
2025-12-15 23:45:10.063 [main] INFO  org.flywaydb.core.internal.command.DbMigrate [N/A] - Current version of schema `lab_platform_local`: 2025.12.12.001
2025-12-15 23:45:10.073 [main] INFO  org.flywaydb.core.internal.command.DbMigrate [N/A] - Schema `lab_platform_local` is up to date. No migration necessary.
2025-12-15 23:45:10.517 [main] INFO  org.apache.coyote.http11.Http11NioProtocol [N/A] - Starting ProtocolHandler ["http-nio-8081"]
2025-12-15 23:45:10.520 [main] WARN  o.s.b.w.s.c.AnnotationConfigServletWebServerApplicationContext [N/A] - Exception encountered during context initialization - cancelling refresh attempt: org.springframework.context.ApplicationContextException: Failed to start bean 'webServerStartStop'
2025-12-15 23:45:10.521 [main] INFO  com.zaxxer.hikari.HikariDataSource [N/A] - HikariPool-1 - Shutdown initiated...
2025-12-15 23:45:10.564 [main] INFO  com.zaxxer.hikari.HikariDataSource [N/A] - HikariPool-1 - Shutdown completed.
2025-12-15 23:45:10.572 [main] INFO  o.s.b.a.logging.ConditionEvaluationReportLogger [N/A] - 

Error starting ApplicationContext. To display the condition evaluation report re-run your application with 'debug' enabled.
2025-12-15 23:45:10.580 [main] ERROR o.s.b.diagnostics.LoggingFailureAnalysisReporter [N/A] - 

***************************
APPLICATION FAILED TO START
***************************

Description:

Web server failed to start. Port 8081 was already in use.

Action:

Identify and stop the process that's listening on port 8081 or configure this application to listen on another port.

2025-12-15 23:47:18.075 [main] INFO  com.hengyu.lab.LabStartApplication [N/A] - Starting LabStartApplication using Java 21.0.2 with PID 11980 (D:\java\lab-platform\lab-start\target\classes started by Administrator in D:\java\lab-platform)
2025-12-15 23:47:18.077 [main] INFO  com.hengyu.lab.LabStartApplication [N/A] - The following 1 profile is active: "local"
2025-12-15 23:47:19.125 [main] INFO  o.s.boot.web.embedded.tomcat.TomcatWebServer [N/A] - Tomcat initialized with port 8081 (http)
2025-12-15 23:47:19.139 [main] INFO  org.apache.coyote.http11.Http11NioProtocol [N/A] - Initializing ProtocolHandler ["http-nio-8081"]
2025-12-15 23:47:19.141 [main] INFO  org.apache.catalina.core.StandardService [N/A] - Starting service [Tomcat]
2025-12-15 23:47:19.141 [main] INFO  org.apache.catalina.core.StandardEngine [N/A] - Starting Servlet engine: [Apache Tomcat/10.1.24]
2025-12-15 23:47:19.202 [main] INFO  o.a.c.core.ContainerBase.[Tomcat].[localhost].[/] [N/A] - Initializing Spring embedded WebApplicationContext
2025-12-15 23:47:19.202 [main] INFO  o.s.b.w.s.c.ServletWebServerApplicationContext [N/A] - Root WebApplicationContext: initialization completed in 1084 ms
2025-12-15 23:47:19.597 [main] INFO  com.zaxxer.hikari.HikariDataSource [N/A] - HikariPool-1 - Starting...
2025-12-15 23:47:19.829 [main] INFO  com.zaxxer.hikari.pool.HikariPool [N/A] - HikariPool-1 - Added connection com.mysql.cj.jdbc.ConnectionImpl@3ea48c37
2025-12-15 23:47:19.831 [main] INFO  com.zaxxer.hikari.HikariDataSource [N/A] - HikariPool-1 - Start completed.
2025-12-15 23:47:19.977 [main] INFO  org.flywaydb.core.FlywayExecutor [N/A] - Database: jdbc:mysql://10.33.9.41:3306/lab_platform_local (MySQL 8.0)
2025-12-15 23:47:20.109 [main] INFO  org.flywaydb.core.internal.command.DbValidate [N/A] - Successfully validated 1 migration (execution time 00:00.071s)
2025-12-15 23:47:20.184 [main] INFO  org.flywaydb.core.internal.command.DbMigrate [N/A] - Current version of schema `lab_platform_local`: 2025.12.12.001
2025-12-15 23:47:20.191 [main] INFO  org.flywaydb.core.internal.command.DbMigrate [N/A] - Schema `lab_platform_local` is up to date. No migration necessary.
2025-12-15 23:47:21.091 [main] INFO  org.apache.coyote.http11.Http11NioProtocol [N/A] - Starting ProtocolHandler ["http-nio-8081"]
2025-12-15 23:47:21.105 [main] INFO  o.s.boot.web.embedded.tomcat.TomcatWebServer [N/A] - Tomcat started on port 8081 (http) with context path '/'
2025-12-15 23:47:21.112 [main] INFO  com.hengyu.lab.LabStartApplication [N/A] - Started LabStartApplication in 3.493 seconds (process running for 4.02)
2025-12-15 23:47:50.088 [http-nio-8081-exec-1] INFO  org.apache.tomcat.util.http.parser.Cookie [N/A] - A cookie header was received [Hm_lvt_8b02a318fde5831da10426656a43d03c=1739961134,1741525709;] that contained an invalid cookie. That cookie will be ignored.
 Note: further occurrences of this error will be logged at DEBUG level.
2025-12-15 23:47:50.093 [http-nio-8081-exec-1] INFO  o.a.c.core.ContainerBase.[Tomcat].[localhost].[/] [N/A] - Initializing Spring DispatcherServlet 'dispatcherServlet'
2025-12-15 23:47:50.093 [http-nio-8081-exec-1] INFO  org.springframework.web.servlet.DispatcherServlet [N/A] - Initializing Servlet 'dispatcherServlet'
2025-12-15 23:47:50.094 [http-nio-8081-exec-1] INFO  org.springframework.web.servlet.DispatcherServlet [N/A] - Completed initialization in 1 ms
2025-12-15 23:47:50.625 [http-nio-8081-exec-5] INFO  org.springdoc.api.AbstractOpenApiResource [N/A] - Init duration for springdoc-openapi is: 248 ms
2025-12-15 23:51:09.442 [SpringApplicationShutdownHook] INFO  com.zaxxer.hikari.HikariDataSource [N/A] - HikariPool-1 - Shutdown initiated...
2025-12-15 23:51:09.447 [SpringApplicationShutdownHook] INFO  com.zaxxer.hikari.HikariDataSource [N/A] - HikariPool-1 - Shutdown completed.
2025-12-15 23:51:12.047 [main] INFO  com.hengyu.lab.LabStartApplication [N/A] - Starting LabStartApplication using Java 21.0.2 with PID 13096 (D:\java\lab-platform\lab-start\target\classes started by Administrator in D:\java\lab-platform)
2025-12-15 23:51:12.047 [main] INFO  com.hengyu.lab.LabStartApplication [N/A] - The following 1 profile is active: "local"
2025-12-15 23:51:12.653 [main] INFO  o.s.boot.web.embedded.tomcat.TomcatWebServer [N/A] - Tomcat initialized with port 8081 (http)
2025-12-15 23:51:12.660 [main] INFO  org.apache.coyote.http11.Http11NioProtocol [N/A] - Initializing ProtocolHandler ["http-nio-8081"]
2025-12-15 23:51:12.661 [main] INFO  org.apache.catalina.core.StandardService [N/A] - Starting service [Tomcat]
2025-12-15 23:51:12.661 [main] INFO  org.apache.catalina.core.StandardEngine [N/A] - Starting Servlet engine: [Apache Tomcat/10.1.24]
2025-12-15 23:51:12.695 [main] INFO  o.a.c.core.ContainerBase.[Tomcat].[localhost].[/] [N/A] - Initializing Spring embedded WebApplicationContext
2025-12-15 23:51:12.695 [main] INFO  o.s.b.w.s.c.ServletWebServerApplicationContext [N/A] - Root WebApplicationContext: initialization completed in 621 ms
2025-12-15 23:51:12.878 [main] INFO  com.zaxxer.hikari.HikariDataSource [N/A] - HikariPool-1 - Starting...
2025-12-15 23:51:12.990 [main] INFO  com.zaxxer.hikari.pool.HikariPool [N/A] - HikariPool-1 - Added connection com.mysql.cj.jdbc.ConnectionImpl@4d25f816
2025-12-15 23:51:12.991 [main] INFO  com.zaxxer.hikari.HikariDataSource [N/A] - HikariPool-1 - Start completed.
2025-12-15 23:51:13.031 [main] INFO  org.flywaydb.core.FlywayExecutor [N/A] - Database: jdbc:mysql://10.33.9.41:3306/lab_platform_local (MySQL 8.0)
2025-12-15 23:51:13.115 [main] INFO  org.flywaydb.core.internal.command.DbValidate [N/A] - Successfully validated 1 migration (execution time 00:00.042s)
2025-12-15 23:51:13.174 [main] INFO  org.flywaydb.core.internal.command.DbMigrate [N/A] - Current version of schema `lab_platform_local`: 2025.12.12.001
2025-12-15 23:51:13.180 [main] INFO  org.flywaydb.core.internal.command.DbMigrate [N/A] - Schema `lab_platform_local` is up to date. No migration necessary.
2025-12-15 23:51:13.560 [main] INFO  org.apache.coyote.http11.Http11NioProtocol [N/A] - Starting ProtocolHandler ["http-nio-8081"]
2025-12-15 23:51:13.568 [main] INFO  o.s.boot.web.embedded.tomcat.TomcatWebServer [N/A] - Tomcat started on port 8081 (http) with context path '/'
2025-12-15 23:51:13.572 [main] INFO  com.hengyu.lab.LabStartApplication [N/A] - Started LabStartApplication in 1.796 seconds (process running for 2.095)
2025-12-15 23:51:16.491 [http-nio-8081-exec-1] INFO  org.apache.tomcat.util.http.parser.Cookie [N/A] - A cookie header was received [Hm_lvt_8b02a318fde5831da10426656a43d03c=1739961134,1741525709;] that contained an invalid cookie. That cookie will be ignored.
 Note: further occurrences of this error will be logged at DEBUG level.
2025-12-15 23:51:16.498 [http-nio-8081-exec-1] INFO  o.a.c.core.ContainerBase.[Tomcat].[localhost].[/] [N/A] - Initializing Spring DispatcherServlet 'dispatcherServlet'
2025-12-15 23:51:16.498 [http-nio-8081-exec-1] INFO  org.springframework.web.servlet.DispatcherServlet [N/A] - Initializing Servlet 'dispatcherServlet'
2025-12-15 23:51:16.501 [http-nio-8081-exec-1] INFO  org.springframework.web.servlet.DispatcherServlet [N/A] - Completed initialization in 0 ms
2025-12-15 23:51:17.052 [http-nio-8081-exec-3] INFO  org.springdoc.api.AbstractOpenApiResource [N/A] - Init duration for springdoc-openapi is: 268 ms
2025-12-15 23:52:44.124 [SpringApplicationShutdownHook] INFO  com.zaxxer.hikari.HikariDataSource [N/A] - HikariPool-1 - Shutdown initiated...
2025-12-15 23:52:44.127 [SpringApplicationShutdownHook] INFO  com.zaxxer.hikari.HikariDataSource [N/A] - HikariPool-1 - Shutdown completed.
2025-12-15 23:52:46.497 [main] INFO  com.hengyu.lab.LabStartApplication [N/A] - Starting LabStartApplication using Java 21.0.2 with PID 23188 (D:\java\lab-platform\lab-start\target\classes started by Administrator in D:\java\lab-platform)
2025-12-15 23:52:46.498 [main] INFO  com.hengyu.lab.LabStartApplication [N/A] - The following 1 profile is active: "local"
2025-12-15 23:52:47.105 [main] INFO  o.s.boot.web.embedded.tomcat.TomcatWebServer [N/A] - Tomcat initialized with port 8081 (http)
2025-12-15 23:52:47.111 [main] INFO  org.apache.coyote.http11.Http11NioProtocol [N/A] - Initializing ProtocolHandler ["http-nio-8081"]
2025-12-15 23:52:47.112 [main] INFO  org.apache.catalina.core.StandardService [N/A] - Starting service [Tomcat]
2025-12-15 23:52:47.112 [main] INFO  org.apache.catalina.core.StandardEngine [N/A] - Starting Servlet engine: [Apache Tomcat/10.1.24]
2025-12-15 23:52:47.145 [main] INFO  o.a.c.core.ContainerBase.[Tomcat].[localhost].[/] [N/A] - Initializing Spring embedded WebApplicationContext
2025-12-15 23:52:47.145 [main] INFO  o.s.b.w.s.c.ServletWebServerApplicationContext [N/A] - Root WebApplicationContext: initialization completed in 623 ms
2025-12-15 23:52:47.317 [main] INFO  com.zaxxer.hikari.HikariDataSource [N/A] - HikariPool-1 - Starting...
2025-12-15 23:52:47.556 [main] INFO  com.zaxxer.hikari.pool.HikariPool [N/A] - HikariPool-1 - Added connection com.mysql.cj.jdbc.ConnectionImpl@bb6f3f7
2025-12-15 23:52:47.558 [main] INFO  com.zaxxer.hikari.HikariDataSource [N/A] - HikariPool-1 - Start completed.
2025-12-15 23:52:47.609 [main] INFO  org.flywaydb.core.FlywayExecutor [N/A] - Database: jdbc:mysql://10.33.9.41:3306/lab_platform_local (MySQL 8.0)
2025-12-15 23:52:47.689 [main] INFO  org.flywaydb.core.internal.command.DbValidate [N/A] - Successfully validated 1 migration (execution time 00:00.041s)
2025-12-15 23:52:47.743 [main] INFO  org.flywaydb.core.internal.command.DbMigrate [N/A] - Current version of schema `lab_platform_local`: 2025.12.12.001
2025-12-15 23:52:47.748 [main] INFO  org.flywaydb.core.internal.command.DbMigrate [N/A] - Schema `lab_platform_local` is up to date. No migration necessary.
2025-12-15 23:52:48.107 [main] INFO  org.apache.coyote.http11.Http11NioProtocol [N/A] - Starting ProtocolHandler ["http-nio-8081"]
2025-12-15 23:52:48.115 [main] INFO  o.s.boot.web.embedded.tomcat.TomcatWebServer [N/A] - Tomcat started on port 8081 (http) with context path '/'
2025-12-15 23:52:48.121 [main] INFO  com.hengyu.lab.LabStartApplication [N/A] - Started LabStartApplication in 1.889 seconds (process running for 2.19)
2025-12-15 23:52:51.808 [http-nio-8081-exec-1] INFO  org.apache.tomcat.util.http.parser.Cookie [N/A] - A cookie header was received [Hm_lvt_8b02a318fde5831da10426656a43d03c=1739961134,1741525709;] that contained an invalid cookie. That cookie will be ignored.
 Note: further occurrences of this error will be logged at DEBUG level.
2025-12-15 23:52:51.815 [http-nio-8081-exec-1] INFO  o.a.c.core.ContainerBase.[Tomcat].[localhost].[/] [N/A] - Initializing Spring DispatcherServlet 'dispatcherServlet'
2025-12-15 23:52:51.815 [http-nio-8081-exec-1] INFO  org.springframework.web.servlet.DispatcherServlet [N/A] - Initializing Servlet 'dispatcherServlet'
2025-12-15 23:52:51.817 [http-nio-8081-exec-1] INFO  org.springframework.web.servlet.DispatcherServlet [N/A] - Completed initialization in 0 ms
2025-12-15 23:52:52.240 [http-nio-8081-exec-3] INFO  org.springdoc.api.AbstractOpenApiResource [N/A] - Init duration for springdoc-openapi is: 249 ms
2025-12-15 23:53:29.069 [http-nio-8081-exec-5] INFO  c.h.l.s.application.service.FeedbackAppService [N/A] - 执行反馈状态变更: feedbackId=1999770760551510018, oldStatus=SOLVING, newStatus=SOLVING
2025-12-15 23:53:59.612 [SpringApplicationShutdownHook] INFO  com.zaxxer.hikari.HikariDataSource [N/A] - HikariPool-1 - Shutdown initiated...
2025-12-15 23:53:59.617 [SpringApplicationShutdownHook] INFO  com.zaxxer.hikari.HikariDataSource [N/A] - HikariPool-1 - Shutdown completed.
